<?xml version="1.0" encoding="UTF-8"?>
<testsuites name="Mocha Tests" time="0.001" tests="2" failures="2">
  <testsuite name="Root Suite" timestamp="2017-05-20T22:12:30" tests="0" failures="0" time="0">
  </testsuite>
  <testsuite name="Express endpoint tests" timestamp="2017-05-20T22:12:30" tests="2" file="/home/aaron/abatilo/coloradogeekjobs-backend/test/test.js" failures="2" time="0.001">
    <testcase name="Express endpoint tests responds to /" time="0.001" classname="responds to /">
      <failure><![CDATA[TypeError: Cannot read property 'address' of undefined
    at Test.serverAddress (node_modules/supertest/lib/test.js:55:17)
    at new Test (node_modules/supertest/lib/test.js:36:12)
    at Object.obj.(anonymous function) [as get] (node_modules/supertest/index.js:25:14)
    at Context.it (test/test.js:17:21)]]></failure>
    </testcase>
    <testcase name="Express endpoint tests &quot;after each&quot; hook for &quot;responds to /&quot;" time="0" classname="&quot;after each&quot; hook for &quot;responds to /&quot;">
      <failure><![CDATA[TypeError: Cannot read property 'close' of undefined
    at Context.afterEach (test/test.js:13:11)]]></failure>
    </testcase>
  </testsuite>
</testsuites>